main.c:61:5:main	8	static
main.c:77:6:idle_task	4	static
main.c:82:6:task1_handler	8	static
main.c:90:6:task2_handler	8	static
main.c:98:6:task3_handler	8	static
main.c:106:6:task4_handler	8	static
main.c:114:6:init_systick_timer	32	static
main.c:135:29:init_scheduler_stack	0	static,ignoring_inline_asm
main.c:143:6:init_tasks_stack	24	static
main.c:186:6:enable_faults	16	static
main.c:194:6:HardFault_Handler	8	static
main.c:200:6:MemManage_Handler	8	static
main.c:206:6:BusFault_Handler	8	static
main.c:211:10:get_psp_value	4	static
main.c:216:6:save_psp_value	16	static
main.c:221:6:update_next_task	16	static
main.c:243:29:switch_sp_tp_psp	0	static,ignoring_inline_asm
main.c:255:6:schedule	16	static
main.c:261:6:delay_task	16	static,ignoring_inline_asm
main.c:275:29:PendSV_Handler	0	static,ignoring_inline_asm
main.c:290:6:update_global_tick_count	4	static
main.c:295:6:unblock_tasks	16	static
main.c:309:6:SysTick_Handler	16	static
